Watching for file changes with StatReloader
C:\Users\cheng\.local\share\TeleAgent\TeleAgent的工作空间\mengya\backend\.venv\Lib\site-packages\jwt\api_jwt.py:368: InsecureKeyLengthWarning: The HMAC key is 23 bytes long, which is below the minimum recommended length of 32 bytes for SHA256. See RFC 7518 Section 3.2.
  decoded = self.decode_complete(
[03/Sep/2026 10:12:49] "GET /api/users/me/ HTTP/1.1" 200 544
[03/Sep/2026 10:12:49] "GET /api/products/ HTTP/1.1" 200 140925
[03/Sep/2026 10:12:49] "GET /api/products/ HTTP/1.1" 200 140925
Unauthorized: /api/products/
[03/Sep/2026 10:12:57] "GET /api/products/ HTTP/1.1" 401 68
Unauthorized: /api/products/
[03/Sep/2026 10:12:57] "GET /api/products/ HTTP/1.1" 401 68
Unauthorized: /api/products/
[03/Sep/2026 10:13:01] "GET /api/products/ HTTP/1.1" 401 68
Unauthorized: /api/products/
[03/Sep/2026 10:13:01] "GET /api/products/ HTTP/1.1" 401 68
C:\Users\cheng\.local\share\TeleAgent\TeleAgent的工作空间\mengya\backend\.venv\Lib\site-packages\jwt\api_jwt.py:147: InsecureKeyLengthWarning: The HMAC key is 23 bytes long, which is below the minimum recommended length of 32 bytes for SHA256. See RFC 7518 Section 3.2.
  return self._jws.encode(
[03/Sep/2026 10:13:11] "POST /api/auth/login/ HTTP/1.1" 200 875
[03/Sep/2026 10:13:11] "GET /api/timeline/?essential=true HTTP/1.1" 200 31020
[03/Sep/2026 10:13:11] "GET /api/users/me/ HTTP/1.1" 200 505
[03/Sep/2026 10:13:11] "GET /api/timeline/?essential=true HTTP/1.1" 200 31020
[03/Sep/2026 10:13:11] "GET /api/products/?sort=rating HTTP/1.1" 200 140925
[03/Sep/2026 10:13:11] "GET /api/products/?sort=rating HTTP/1.1" 200 140925
[03/Sep/2026 10:13:13] "GET /api/timeline/ HTTP/1.1" 200 31020
[03/Sep/2026 10:13:13] "GET /api/timeline/ HTTP/1.1" 200 31020
[03/Sep/2026 10:13:14] "GET /api/products/ HTTP/1.1" 200 140925
[03/Sep/2026 10:13:14] "GET /api/products/ HTTP/1.1" 200 140925
[03/Sep/2026 10:13:15] "GET /api/products/41/ HTTP/1.1" 200 2575
[03/Sep/2026 10:13:15] "GET /api/products/41/ HTTP/1.1" 200 2575
[03/Sep/2026 10:13:16] "GET /api/timeline/ HTTP/1.1" 200 31020
[03/Sep/2026 10:13:16] "GET /api/timeline/ HTTP/1.1" 200 31020
[03/Sep/2026 10:13:17] "GET /api/products/ HTTP/1.1" 200 140925
[03/Sep/2026 10:13:17] "GET /api/products/ HTTP/1.1" 200 140925
[03/Sep/2026 10:13:20] "GET /api/timeline/?essential=true HTTP/1.1" 200 31020
[03/Sep/2026 10:13:20] "GET /api/timeline/?essential=true HTTP/1.1" 200 31020
[03/Sep/2026 10:13:20] "GET /api/products/?sort=rating HTTP/1.1" 200 140925
[03/Sep/2026 10:13:20] "GET /api/products/?sort=rating HTTP/1.1" 200 140925
[03/Sep/2026 10:13:22] "GET /api/products/?sort=rating HTTP/1.1" 200 140925
[03/Sep/2026 10:13:22] "GET /api/products/?sort=rating HTTP/1.1" 200 140925
[03/Sep/2026 10:13:26] "POST /api/products/compare/ HTTP/1.1" 200 6030
[03/Sep/2026 10:13:32] "POST /api/products/compare/ HTTP/1.1" 200 4646
[03/Sep/2026 10:13:32] "POST /api/products/compare/ HTTP/1.1" 200 4646
[03/Sep/2026 10:19:58] "GET /api/auth/registration-mode/ HTTP/1.1" 200 53
[03/Sep/2026 10:19:58,927] - Broken pipe from ('127.0.0.1', 58971)
Not Found: /
[03/Sep/2026 10:20:58] "GET / HTTP/1.1" 404 2417
[03/Sep/2026 10:21:07] "GET /api/users/me/ HTTP/1.1" 200 505
[03/Sep/2026 10:21:07] "GET /api/products/?sort=rating HTTP/1.1" 200 140925
[03/Sep/2026 10:21:07] "GET /api/products/?sort=rating HTTP/1.1" 200 140925
[03/Sep/2026 10:21:10] "POST /api/products/compare/ HTTP/1.1" 200 3218
[03/Sep/2026 10:21:12] "POST /api/products/compare/ HTTP/1.1" 200 3218
[03/Sep/2026 10:21:13] "POST /api/products/compare/ HTTP/1.1" 200 3218
[03/Sep/2026 10:21:13] "POST /api/products/compare/ HTTP/1.1" 200 3218
[03/Sep/2026 10:21:49] "POST /api/auth/login/ HTTP/1.1" 200 866
[03/Sep/2026 10:21:49] "GET /api/users/me/ HTTP/1.1" 200 496
[03/Sep/2026 10:21:49] "GET /api/timeline/?essential=true HTTP/1.1" 200 31020
[03/Sep/2026 10:21:49] "GET /api/timeline/?essential=true HTTP/1.1" 200 31020
[03/Sep/2026 10:21:49] "GET /api/products/?sort=rating HTTP/1.1" 200 140925
[03/Sep/2026 10:21:49] "GET /api/products/?sort=rating HTTP/1.1" 200 140925
[03/Sep/2026 10:21:52] "GET /api/babies/ HTTP/1.1" 200 40
[03/Sep/2026 10:21:52] "GET /api/users/ai-config/ HTTP/1.1" 200 127
[03/Sep/2026 10:21:52] "GET /api/admin/registration/ HTTP/1.1" 200 79
[03/Sep/2026 10:21:52] "GET /api/babies/ HTTP/1.1" 200 40
[03/Sep/2026 10:21:52] "GET /api/users/ai-config/ HTTP/1.1" 200 127
[03/Sep/2026 10:21:52] "GET /api/admin/registration/ HTTP/1.1" 200 79
[03/Sep/2026 10:21:52] "GET /api/users/ai-auth/ HTTP/1.1" 200 321
[03/Sep/2026 10:21:52] "GET /api/users/ai-auth/ HTTP/1.1" 200 321
[03/Sep/2026 10:22:35] "GET /api/products/ HTTP/1.1" 200 140925
[03/Sep/2026 10:22:35] "GET /api/products/ HTTP/1.1" 200 140925
[03/Sep/2026 10:22:51] "GET /api/auth/registration-mode/ HTTP/1.1" 200 53
[03/Sep/2026 10:22:51] "GET /api/auth/registration-mode/ HTTP/1.1" 200 53
[03/Sep/2026 10:23:06] "POST /api/auth/login/ HTTP/1.1" 200 866
[03/Sep/2026 10:23:06] "GET /api/timeline/?essential=true HTTP/1.1" 200 31020
[03/Sep/2026 10:23:06] "GET /api/products/?sort=rating HTTP/1.1" 200 140925
[03/Sep/2026 10:23:06] "GET /api/users/me/ HTTP/1.1" 200 496
[03/Sep/2026 10:23:06] "GET /api/timeline/?essential=true HTTP/1.1" 200 31020
[03/Sep/2026 10:23:06] "GET /api/products/?sort=rating HTTP/1.1" 200 140925
[03/Sep/2026 10:23:09] "GET /api/users/ai-config/ HTTP/1.1" 200 127
[03/Sep/2026 10:23:09] "GET /api/babies/ HTTP/1.1" 200 40
[03/Sep/2026 10:23:09] "GET /api/admin/registration/ HTTP/1.1" 200 79
[03/Sep/2026 10:23:09] "GET /api/babies/ HTTP/1.1" 200 40
[03/Sep/2026 10:23:09] "GET /api/users/ai-config/ HTTP/1.1" 200 127
[03/Sep/2026 10:23:09] "GET /api/admin/registration/ HTTP/1.1" 200 79
[03/Sep/2026 10:23:09] "GET /api/users/ai-auth/ HTTP/1.1" 200 321
[03/Sep/2026 10:23:09] "GET /api/users/ai-auth/ HTTP/1.1" 200 321
[03/Sep/2026 10:23:12] "POST /api/admin/registration/ HTTP/1.1" 200 87
[03/Sep/2026 10:23:23] "POST /api/admin/registration/ HTTP/1.1" 200 224
Internal Server Error: /api/admin/registration/
Traceback (most recent call last):
  File "C:\Users\cheng\.local\share\TeleAgent\TeleAgent的工作空间\mengya\backend\.venv\Lib\site-packages\django\core\handlers\exception.py", line 55, in inner
    response = get_response(request)
               ^^^^^^^^^^^^^^^^^^^^^
  File "C:\Users\cheng\.local\share\TeleAgent\TeleAgent的工作空间\mengya\backend\.venv\Lib\site-packages\django\core\handlers\base.py", line 197, in _get_response
    response = wrapped_callback(request, *callback_args, **callback_kwargs)
               ^^^^^^^^^^^^^^^^^^^^^^^^^^^^^^^^^^^^^^^^^^^^^^^^^^^^^^^^^^^^
  File "C:\Users\cheng\.local\share\TeleAgent\TeleAgent的工作空间\mengya\backend\.venv\Lib\site-packages\django\views\decorators\csrf.py", line 56, in wrapper_view
    return view_func(*args, **kwargs)
           ^^^^^^^^^^^^^^^^^^^^^^^^^^
  File "C:\Users\cheng\.local\share\TeleAgent\TeleAgent的工作空间\mengya\backend\.venv\Lib\site-packages\django\views\generic\base.py", line 105, in view
    return self.dispatch(request, *args, **kwargs)
           ^^^^^^^^^^^^^^^^^^^^^^^^^^^^^^^^^^^^^^^
  File "C:\Users\cheng\.local\share\TeleAgent\TeleAgent的工作空间\mengya\backend\.venv\Lib\site-packages\rest_framework\views.py", line 509, in dispatch
    response = self.handle_exception(exc)
               ^^^^^^^^^^^^^^^^^^^^^^^^^^
  File "C:\Users\cheng\.local\share\TeleAgent\TeleAgent的工作空间\mengya\backend\.venv\Lib\site-packages\rest_framework\views.py", line 469, in handle_exception
    self.raise_uncaught_exception(exc)
  File "C:\Users\cheng\.local\share\TeleAgent\TeleAgent的工作空间\mengya\backend\.venv\Lib\site-packages\rest_framework\views.py", line 480, in raise_uncaught_exception
    raise exc
  File "C:\Users\cheng\.local\share\TeleAgent\TeleAgent的工作空间\mengya\backend\.venv\Lib\site-packages\rest_framework\views.py", line 506, in dispatch
    response = handler(request, *args, **kwargs)
               ^^^^^^^^^^^^^^^^^^^^^^^^^^^^^^^^^
  File "C:\Users\cheng\.local\share\TeleAgent\TeleAgent的工作空间\mengya\backend\apps\core\views.py", line 278, in get
    "is_valid": inv.is_valid,
                ^^^^^^^^^^^^
  File "C:\Users\cheng\.local\share\TeleAgent\TeleAgent的工作空间\mengya\backend\apps\core\models\system.py", line 74, in is_valid
    if self.expires_at and self.expires_at < datetime.timezone.now().astimezone():
                                             ^^^^^^^^^^^^^^^^^^^^^
AttributeError: type object 'datetime.timezone' has no attribute 'now'
[03/Sep/2026 10:23:23] "GET /api/admin/registration/ HTTP/1.1" 500 115624
[03/Sep/2026 10:23:29] "GET /api/auth/registration-mode/ HTTP/1.1" 200 64
[03/Sep/2026 10:23:29] "GET /api/auth/registration-mode/ HTTP/1.1" 200 64
[03/Sep/2026 10:23:37] "GET /api/auth/registration-mode/ HTTP/1.1" 200 64
[03/Sep/2026 10:23:37] "GET /api/auth/registration-mode/ HTTP/1.1" 200 64
Unauthorized: /api/auth/invite/verify/
[03/Sep/2026 10:23:37] "POST /api/auth/invite/verify/ HTTP/1.1" 401 68
Unauthorized: /api/auth/invite/verify/
[03/Sep/2026 10:23:37] "POST /api/auth/invite/verify/ HTTP/1.1" 401 68
Unauthorized: /api/auth/login/
[03/Sep/2026 10:23:52] "POST /api/auth/login/ HTTP/1.1" 401 62
[03/Sep/2026 10:24:00] "GET /api/auth/registration-mode/ HTTP/1.1" 200 64
Unauthorized: /api/auth/invite/verify/
[03/Sep/2026 10:24:00] "POST /api/auth/invite/verify/ HTTP/1.1" 401 68
[03/Sep/2026 10:24:00] "GET /api/auth/registration-mode/ HTTP/1.1" 200 64
Unauthorized: /api/auth/invite/verify/
[03/Sep/2026 10:24:00] "POST /api/auth/invite/verify/ HTTP/1.1" 401 68
Not Found: /
[03/Sep/2026 10:25:25] "GET / HTTP/1.1" 404 2417
[03/Sep/2026 10:33:39] "POST /api/auth/login/ HTTP/1.1" 200 866
[03/Sep/2026 10:33:39] "GET /api/timeline/?essential=true HTTP/1.1" 200 31020
[03/Sep/2026 10:33:39] "GET /api/users/me/ HTTP/1.1" 200 496
[03/Sep/2026 10:33:39] "GET /api/timeline/?essential=true HTTP/1.1" 200 31020
[03/Sep/2026 10:33:39] "GET /api/products/?sort=rating HTTP/1.1" 200 140925
[03/Sep/2026 10:33:39] "GET /api/products/?sort=rating HTTP/1.1" 200 140925
[03/Sep/2026 10:33:40] "GET /api/babies/ HTTP/1.1" 200 40
[03/Sep/2026 10:33:40] "GET /api/users/ai-config/ HTTP/1.1" 200 127
[03/Sep/2026 10:33:41] "GET /api/babies/ HTTP/1.1" 200 40
[03/Sep/2026 10:33:41] "GET /api/users/ai-config/ HTTP/1.1" 200 127
[03/Sep/2026 10:33:41] "GET /api/users/ai-auth/ HTTP/1.1" 200 321
[03/Sep/2026 10:33:41] "GET /api/users/ai-auth/ HTTP/1.1" 200 321
Internal Server Error: /api/admin/registration/
Traceback (most recent call last):
  File "C:\Users\cheng\.local\share\TeleAgent\TeleAgent的工作空间\mengya\backend\.venv\Lib\site-packages\django\core\handlers\exception.py", line 55, in inner
    response = get_response(request)
               ^^^^^^^^^^^^^^^^^^^^^
  File "C:\Users\cheng\.local\share\TeleAgent\TeleAgent的工作空间\mengya\backend\.venv\Lib\site-packages\django\core\handlers\base.py", line 197, in _get_response
    response = wrapped_callback(request, *callback_args, **callback_kwargs)
               ^^^^^^^^^^^^^^^^^^^^^^^^^^^^^^^^^^^^^^^^^^^^^^^^^^^^^^^^^^^^
  File "C:\Users\cheng\.local\share\TeleAgent\TeleAgent的工作空间\mengya\backend\.venv\Lib\site-packages\django\views\decorators\csrf.py", line 56, in wrapper_view
    return view_func(*args, **kwargs)
           ^^^^^^^^^^^^^^^^^^^^^^^^^^
  File "C:\Users\cheng\.local\share\TeleAgent\TeleAgent的工作空间\mengya\backend\.venv\Lib\site-packages\django\views\generic\base.py", line 105, in view
    return self.dispatch(request, *args, **kwargs)
           ^^^^^^^^^^^^^^^^^^^^^^^^^^^^^^^^^^^^^^^
  File "C:\Users\cheng\.local\share\TeleAgent\TeleAgent的工作空间\mengya\backend\.venv\Lib\site-packages\rest_framework\views.py", line 509, in dispatch
    response = self.handle_exception(exc)
               ^^^^^^^^^^^^^^^^^^^^^^^^^^
  File "C:\Users\cheng\.local\share\TeleAgent\TeleAgent的工作空间\mengya\backend\.venv\Lib\site-packages\rest_framework\views.py", line 469, in handle_exception
    self.raise_uncaught_exception(exc)
  File "C:\Users\cheng\.local\share\TeleAgent\TeleAgent的工作空间\mengya\backend\.venv\Lib\site-packages\rest_framework\views.py", line 480, in raise_uncaught_exception
    raise exc
  File "C:\Users\cheng\.local\share\TeleAgent\TeleAgent的工作空间\mengya\backend\.venv\Lib\site-packages\rest_framework\views.py", line 506, in dispatch
    response = handler(request, *args, **kwargs)
               ^^^^^^^^^^^^^^^^^^^^^^^^^^^^^^^^^
  File "C:\Users\cheng\.local\share\TeleAgent\TeleAgent的工作空间\mengya\backend\apps\core\views.py", line 278, in get
    "is_valid": inv.is_valid,
                ^^^^^^^^^^^^
  File "C:\Users\cheng\.local\share\TeleAgent\TeleAgent的工作空间\mengya\backend\apps\core\models\system.py", line 74, in is_valid
    if self.expires_at and self.expires_at < datetime.timezone.now().astimezone():
                                             ^^^^^^^^^^^^^^^^^^^^^
AttributeError: type object 'datetime.timezone' has no attribute 'now'
[03/Sep/2026 10:33:41] "GET /api/admin/registration/ HTTP/1.1" 500 115624
Internal Server Error: /api/admin/registration/
Traceback (most recent call last):
  File "C:\Users\cheng\.local\share\TeleAgent\TeleAgent的工作空间\mengya\backend\.venv\Lib\site-packages\django\core\handlers\exception.py", line 55, in inner
    response = get_response(request)
               ^^^^^^^^^^^^^^^^^^^^^
  File "C:\Users\cheng\.local\share\TeleAgent\TeleAgent的工作空间\mengya\backend\.venv\Lib\site-packages\django\core\handlers\base.py", line 197, in _get_response
    response = wrapped_callback(request, *callback_args, **callback_kwargs)
               ^^^^^^^^^^^^^^^^^^^^^^^^^^^^^^^^^^^^^^^^^^^^^^^^^^^^^^^^^^^^
  File "C:\Users\cheng\.local\share\TeleAgent\TeleAgent的工作空间\mengya\backend\.venv\Lib\site-packages\django\views\decorators\csrf.py", line 56, in wrapper_view
    return view_func(*args, **kwargs)
           ^^^^^^^^^^^^^^^^^^^^^^^^^^
  File "C:\Users\cheng\.local\share\TeleAgent\TeleAgent的工作空间\mengya\backend\.venv\Lib\site-packages\django\views\generic\base.py", line 105, in view
    return self.dispatch(request, *args, **kwargs)
           ^^^^^^^^^^^^^^^^^^^^^^^^^^^^^^^^^^^^^^^
  File "C:\Users\cheng\.local\share\TeleAgent\TeleAgent的工作空间\mengya\backend\.venv\Lib\site-packages\rest_framework\views.py", line 509, in dispatch
    response = self.handle_exception(exc)
               ^^^^^^^^^^^^^^^^^^^^^^^^^^
  File "C:\Users\cheng\.local\share\TeleAgent\TeleAgent的工作空间\mengya\backend\.venv\Lib\site-packages\rest_framework\views.py", line 469, in handle_exception
    self.raise_uncaught_exception(exc)
  File "C:\Users\cheng\.local\share\TeleAgent\TeleAgent的工作空间\mengya\backend\.venv\Lib\site-packages\rest_framework\views.py", line 480, in raise_uncaught_exception
    raise exc
  File "C:\Users\cheng\.local\share\TeleAgent\TeleAgent的工作空间\mengya\backend\.venv\Lib\site-packages\rest_framework\views.py", line 506, in dispatch
    response = handler(request, *args, **kwargs)
               ^^^^^^^^^^^^^^^^^^^^^^^^^^^^^^^^^
  File "C:\Users\cheng\.local\share\TeleAgent\TeleAgent的工作空间\mengya\backend\apps\core\views.py", line 278, in get
    "is_valid": inv.is_valid,
                ^^^^^^^^^^^^
  File "C:\Users\cheng\.local\share\TeleAgent\TeleAgent的工作空间\mengya\backend\apps\core\models\system.py", line 74, in is_valid
    if self.expires_at and self.expires_at < datetime.timezone.now().astimezone():
                                             ^^^^^^^^^^^^^^^^^^^^^
AttributeError: type object 'datetime.timezone' has no attribute 'now'
[03/Sep/2026 10:33:41] "GET /api/admin/registration/ HTTP/1.1" 500 115624
[03/Sep/2026 10:36:59] "POST /api/products/compare/ HTTP/1.1" 200 4803
[03/Sep/2026 10:36:59,653] - Broken pipe from ('127.0.0.1', 28768)
[03/Sep/2026 10:37:51] "GET /api/auth/registration-mode/ HTTP/1.1" 200 64
[03/Sep/2026 10:37:51] "POST /api/admin/registration/ HTTP/1.1" 200 87
[03/Sep/2026 10:37:51] "POST /api/admin/registration/ HTTP/1.1" 200 194
[03/Sep/2026 10:37:51] "POST /api/auth/register/ HTTP/1.1" 200 868
[03/Sep/2026 10:37:51] "POST /api/admin/registration/ HTTP/1.1" 200 76
[03/Sep/2026 10:37:51,724] - Broken pipe from ('127.0.0.1', 26888)
Unauthorized: /api/auth/login/
[03/Sep/2026 10:40:20] "POST /api/auth/login/ HTTP/1.1" 401 56
[03/Sep/2026 10:41:21] "POST /api/auth/login/ HTTP/1.1" 200 866
[03/Sep/2026 10:41:21,165] - Broken pipe from ('127.0.0.1', 47180)
[03/Sep/2026 10:41:26] "POST /api/auth/login/ HTTP/1.1" 200 866
[03/Sep/2026 10:41:26] "GET /api/users/me/ HTTP/1.1" 200 496
[03/Sep/2026 10:41:27] "GET /api/timeline/?essential=true HTTP/1.1" 200 31020
[03/Sep/2026 10:41:27] "GET /api/timeline/?essential=true HTTP/1.1" 200 31020
[03/Sep/2026 10:41:27] "GET /api/products/?sort=rating HTTP/1.1" 200 140925
[03/Sep/2026 10:41:27] "GET /api/products/?sort=rating HTTP/1.1" 200 140925
[03/Sep/2026 10:41:40] "POST /api/auth/login/ HTTP/1.1" 200 866
[03/Sep/2026 10:41:40] "GET /api/users/me/ HTTP/1.1" 200 496
[03/Sep/2026 10:41:40] "GET /api/timeline/?essential=true HTTP/1.1" 200 31020
[03/Sep/2026 10:41:41] "GET /api/timeline/?essential=true HTTP/1.1" 200 31020
[03/Sep/2026 10:41:41] "GET /api/products/?sort=rating HTTP/1.1" 200 140925
[03/Sep/2026 10:41:41] "GET /api/products/?sort=rating HTTP/1.1" 200 140925
[03/Sep/2026 10:41:46] "GET /api/users/me/ HTTP/1.1" 200 496
[03/Sep/2026 10:41:46] "GET /api/products/?sort=rating HTTP/1.1" 200 140925
[03/Sep/2026 10:41:46] "GET /api/products/?sort=rating HTTP/1.1" 200 140925
[03/Sep/2026 10:42:15] "POST /api/products/compare/ HTTP/1.1" 200 4668
[03/Sep/2026 10:43:38] "GET /api/products/?sort=rating HTTP/1.1" 200 140925
C:\Users\cheng\.local\share\TeleAgent\TeleAgent的工作空间\mengya\backend\apps\core\views.py changed, reloading.
Watching for file changes with StatReloader
C:\Users\cheng\.local\share\TeleAgent\TeleAgent的工作空间\mengya\backend\apps\core\models\system.py changed, reloading.
Watching for file changes with StatReloader
C:\Users\cheng\.local\share\TeleAgent\TeleAgent的工作空间\mengya\backend\apps\core\models\system.py changed, reloading.
Watching for file changes with StatReloader
C:\Users\cheng\.local\share\TeleAgent\TeleAgent的工作空间\mengya\backend\apps\core\views.py changed, reloading.
Watching for file changes with StatReloader
C:\Users\cheng\.local\share\TeleAgent\TeleAgent的工作空间\mengya\backend\apps\core\views.py changed, reloading.
Watching for file changes with StatReloader
C:\Users\cheng\.local\share\TeleAgent\TeleAgent的工作空间\mengya\backend\apps\core\urls.py changed, reloading.
Watching for file changes with StatReloader
C:\Users\cheng\.local\share\TeleAgent\TeleAgent的工作空间\mengya\backend\.venv\Lib\site-packages\jwt\api_jwt.py:368: InsecureKeyLengthWarning: The HMAC key is 23 bytes long, which is below the minimum recommended length of 32 bytes for SHA256. See RFC 7518 Section 3.2.
  decoded = self.decode_complete(
[03/Sep/2026 10:50:51] "GET /api/users/me/ HTTP/1.1" 200 496
[03/Sep/2026 10:50:51] "GET /api/products/?sort=rating HTTP/1.1" 200 140925
[03/Sep/2026 10:50:51] "GET /api/users/me/ HTTP/1.1" 200 496
[03/Sep/2026 10:50:51] "GET /api/products/?sort=rating HTTP/1.1" 200 140925
[03/Sep/2026 10:50:51] "GET /api/babies/ HTTP/1.1" 200 40
[03/Sep/2026 10:50:51] "GET /api/admin/registration/ HTTP/1.1" 200 584
[03/Sep/2026 10:50:52] "GET /api/babies/ HTTP/1.1" 200 40
[03/Sep/2026 10:50:52] "GET /api/users/ai-config/ HTTP/1.1" 200 127
[03/Sep/2026 10:50:52] "GET /api/users/ai-config/ HTTP/1.1" 200 127
[03/Sep/2026 10:50:52] "GET /api/admin/registration/ HTTP/1.1" 200 584
[03/Sep/2026 10:50:52] "GET /api/users/ai-auth/ HTTP/1.1" 200 409
[03/Sep/2026 10:50:52] "GET /api/users/ai-auth/ HTTP/1.1" 200 409
[03/Sep/2026 10:53:37] "GET /api/babies/ HTTP/1.1" 200 40
[03/Sep/2026 10:53:37] "GET /api/users/ai-config/ HTTP/1.1" 200 127
[03/Sep/2026 10:53:37] "GET /api/admin/registration/ HTTP/1.1" 200 584
[03/Sep/2026 10:53:37] "GET /api/users/ai-auth/ HTTP/1.1" 200 409
[03/Sep/2026 10:53:46] "GET /api/users/ai-config/ HTTP/1.1" 200 127
[03/Sep/2026 10:53:46] "GET /api/babies/ HTTP/1.1" 200 40
[03/Sep/2026 10:53:46] "GET /api/users/ai-config/ HTTP/1.1" 200 127
[03/Sep/2026 10:53:46] "GET /api/admin/registration/ HTTP/1.1" 200 584
[03/Sep/2026 10:53:46] "GET /api/babies/ HTTP/1.1" 200 40
[03/Sep/2026 10:53:46] "GET /api/users/ai-auth/ HTTP/1.1" 200 409
[03/Sep/2026 10:53:46] "GET /api/admin/registration/ HTTP/1.1" 200 584
[03/Sep/2026 10:53:46] "GET /api/users/ai-auth/ HTTP/1.1" 200 409
[03/Sep/2026 10:54:19] "GET /api/babies/ HTTP/1.1" 200 40
[03/Sep/2026 10:54:19] "GET /api/users/ai-config/ HTTP/1.1" 200 127
[03/Sep/2026 10:54:19] "GET /api/admin/registration/ HTTP/1.1" 200 584
[03/Sep/2026 10:54:19] "GET /api/users/ai-auth/ HTTP/1.1" 200 409
C:\Users\cheng\.local\share\TeleAgent\TeleAgent的工作空间\mengya\backend\.venv\Lib\site-packages\jwt\api_jwt.py:147: InsecureKeyLengthWarning: The HMAC key is 23 bytes long, which is below the minimum recommended length of 32 bytes for SHA256. See RFC 7518 Section 3.2.
  return self._jws.encode(
[03/Sep/2026 10:56:10] "POST /api/auth/login/ HTTP/1.1" 200 866
[03/Sep/2026 10:56:10,695] - Broken pipe from ('127.0.0.1', 45415)
[03/Sep/2026 10:56:27] "POST /api/auth/login/ HTTP/1.1" 200 866
[03/Sep/2026 10:56:27,518] - Broken pipe from ('127.0.0.1', 28870)
[03/Sep/2026 10:56:48] "POST /api/auth/login/ HTTP/1.1" 200 866
[03/Sep/2026 10:56:48] "GET /api/admin/users/ HTTP/1.1" 200 807
[03/Sep/2026 10:56:48,292] - Broken pipe from ('127.0.0.1', 33166)
[03/Sep/2026 10:57:14] "POST /api/auth/login/ HTTP/1.1" 200 866
[03/Sep/2026 10:57:14,431] - Broken pipe from ('127.0.0.1', 48915)
[03/Sep/2026 10:57:51] "POST /api/auth/login/ HTTP/1.1" 200 866
[03/Sep/2026 10:57:51] "POST /api/users/change-password/ HTTP/1.1" 200 53
[03/Sep/2026 10:57:51,793] - Broken pipe from ('127.0.0.1', 25855)
Bad Request: /api/auth/invite/verify/
[03/Sep/2026 10:58:17] "POST /api/auth/invite/verify/ HTTP/1.1" 400 132
[03/Sep/2026 10:58:17,368] - Broken pipe from ('127.0.0.1', 27875)
[03/Sep/2026 10:58:29] "POST /api/auth/invite/verify/ HTTP/1.1" 200 80
[03/Sep/2026 10:58:30,098] - Broken pipe from ('127.0.0.1', 55082)
[03/Sep/2026 11:01:07] "GET /api/users/me/ HTTP/1.1" 200 496
[03/Sep/2026 11:01:07] "GET /api/timeline/?essential=true HTTP/1.1" 200 31020
[03/Sep/2026 11:01:07] "GET /api/products/?sort=rating HTTP/1.1" 200 140925
[03/Sep/2026 11:01:17] "GET /api/users/me/ HTTP/1.1" 200 496
[03/Sep/2026 11:01:17] "GET /api/admin/users/ HTTP/1.1" 200 807
[03/Sep/2026 11:01:25] "GET /api/users/me/ HTTP/1.1" 200 496
[03/Sep/2026 11:01:25] "GET /api/users/ai-config/ HTTP/1.1" 200 127
[03/Sep/2026 11:01:25] "GET /api/babies/ HTTP/1.1" 200 40
[03/Sep/2026 11:01:25] "GET /api/admin/registration/ HTTP/1.1" 200 584
[03/Sep/2026 11:01:25] "GET /api/users/ai-auth/ HTTP/1.1" 200 409
[03/Sep/2026 11:01:56] "GET /api/auth/registration-mode/ HTTP/1.1" 200 53
[03/Sep/2026 11:02:12] "POST /api/auth/register/ HTTP/1.1" 200 876
[03/Sep/2026 11:02:31] "POST /api/auth/login/ HTTP/1.1" 200 876
[03/Sep/2026 11:02:31] "GET /api/users/me/ HTTP/1.1" 200 506
[03/Sep/2026 11:02:31] "GET /api/timeline/?essential=true HTTP/1.1" 200 31020
[03/Sep/2026 11:02:31] "GET /api/products/?sort=rating HTTP/1.1" 200 140925
[03/Sep/2026 11:04:03] "GET /api/users/me/ HTTP/1.1" 200 496
[03/Sep/2026 11:04:03] "GET /api/babies/ HTTP/1.1" 200 40
[03/Sep/2026 11:04:03] "GET /api/users/ai-config/ HTTP/1.1" 200 127
[03/Sep/2026 11:04:03] "GET /api/admin/registration/ HTTP/1.1" 200 584
[03/Sep/2026 11:04:03] "GET /api/users/ai-auth/ HTTP/1.1" 200 505
[03/Sep/2026 11:04:04] "GET /api/users/me/ HTTP/1.1" 200 496
[03/Sep/2026 11:04:04] "GET /api/babies/ HTTP/1.1" 200 40
[03/Sep/2026 11:04:04] "GET /api/users/ai-config/ HTTP/1.1" 200 127
[03/Sep/2026 11:04:04] "GET /api/admin/registration/ HTTP/1.1" 200 584
[03/Sep/2026 11:04:04] "GET /api/users/ai-auth/ HTTP/1.1" 200 505
[03/Sep/2026 11:04:10] "POST /api/auth/login/ HTTP/1.1" 200 866
[03/Sep/2026 11:04:10] "GET /api/timeline/?essential=true HTTP/1.1" 200 31020
[03/Sep/2026 11:04:10] "GET /api/users/me/ HTTP/1.1" 200 496
[03/Sep/2026 11:04:10] "GET /api/products/?sort=rating HTTP/1.1" 200 140925
[03/Sep/2026 11:04:18] "POST /api/auth/login/ HTTP/1.1" 200 866
[03/Sep/2026 11:04:18] "GET /api/timeline/?essential=true HTTP/1.1" 200 31020
[03/Sep/2026 11:04:18] "GET /api/users/me/ HTTP/1.1" 200 496
[03/Sep/2026 11:04:18] "GET /api/products/?sort=rating HTTP/1.1" 200 140925
[03/Sep/2026 11:04:24] "GET /api/ai/suggestions/ HTTP/1.1" 200 169
[03/Sep/2026 11:04:24] "GET /api/ai/history/ HTTP/1.1" 200 40
[03/Sep/2026 11:04:26] "GET /api/babies/ HTTP/1.1" 200 40
[03/Sep/2026 11:04:26] "GET /api/users/ai-config/ HTTP/1.1" 200 127
[03/Sep/2026 11:04:26] "GET /api/admin/registration/ HTTP/1.1" 200 584
[03/Sep/2026 11:04:26] "GET /api/users/ai-auth/ HTTP/1.1" 200 505
[03/Sep/2026 11:04:32] "POST /api/users/ai-auth/ HTTP/1.1" 200 56
[03/Sep/2026 11:04:33] "POST /api/users/ai-auth/ HTTP/1.1" 200 56
[03/Sep/2026 11:04:38] "GET /api/admin/users/ HTTP/1.1" 200 1004
[03/Sep/2026 11:04:56] "PUT /api/admin/users/ HTTP/1.1" 200 184
[03/Sep/2026 11:05:01] "PUT /api/admin/users/ HTTP/1.1" 200 176
Unauthorized: /api/auth/login/
[03/Sep/2026 11:05:13] "POST /api/auth/login/ HTTP/1.1" 401 59
[03/Sep/2026 11:05:18] "POST /api/auth/login/ HTTP/1.1" 200 875
[03/Sep/2026 11:05:18] "GET /api/users/me/ HTTP/1.1" 200 505
[03/Sep/2026 11:05:18] "GET /api/timeline/?essential=true HTTP/1.1" 200 31020
[03/Sep/2026 11:05:18] "GET /api/products/?sort=rating HTTP/1.1" 200 140925
[03/Sep/2026 11:05:25] "POST /api/admin/users/ HTTP/1.1" 200 50
[03/Sep/2026 11:05:30] "GET /api/users/ai-config/ HTTP/1.1" 200 128
[03/Sep/2026 11:05:30] "GET /api/babies/ HTTP/1.1" 200 298
Unauthorized: /api/auth/login/
[03/Sep/2026 11:05:37] "POST /api/auth/login/ HTTP/1.1" 401 59
[03/Sep/2026 11:05:40] "POST /api/auth/login/ HTTP/1.1" 200 875
[03/Sep/2026 11:05:40] "GET /api/users/me/ HTTP/1.1" 200 505
[03/Sep/2026 11:05:40] "GET /api/timeline/?essential=true HTTP/1.1" 200 31020
[03/Sep/2026 11:05:40] "GET /api/products/?sort=rating HTTP/1.1" 200 140925
[03/Sep/2026 11:05:43] "PUT /api/admin/users/ HTTP/1.1" 200 184
Forbidden: /api/auth/login/
[03/Sep/2026 11:05:51] "POST /api/auth/login/ HTTP/1.1" 403 80
[03/Sep/2026 11:06:00] "GET /api/timeline/?essential=true HTTP/1.1" 200 31020
[03/Sep/2026 11:06:00] "GET /api/products/?sort=rating HTTP/1.1" 200 140925
[03/Sep/2026 11:06:01] "GET /api/products/?sort=rating HTTP/1.1" 200 140925
[03/Sep/2026 11:06:04] "POST /api/products/compare/ HTTP/1.1" 200 4646
[03/Sep/2026 11:06:24] "POST /api/ai/compare/ HTTP/1.1" 200 871
[03/Sep/2026 11:08:50] "GET /api/users/ai-config/ HTTP/1.1" 200 127
[03/Sep/2026 11:08:50] "GET /api/babies/ HTTP/1.1" 200 40
[03/Sep/2026 11:08:50] "GET /api/admin/registration/ HTTP/1.1" 200 584
[03/Sep/2026 11:08:50] "GET /api/users/ai-auth/ HTTP/1.1" 200 505
[03/Sep/2026 11:09:08] "GET /api/products/ HTTP/1.1" 200 140925
[03/Sep/2026 11:10:11] "POST /api/products/ HTTP/1.1" 201 950
[03/Sep/2026 11:10:11] "GET /api/products/ HTTP/1.1" 200 141838
Bad Request: /api/products/61/
[03/Sep/2026 11:10:16] "PUT /api/products/61/ HTTP/1.1" 400 62
[03/Sep/2026 11:10:17] "GET /api/products/ HTTP/1.1" 200 141838
[03/Sep/2026 11:10:21] "PUT /api/products/61/ HTTP/1.1" 200 949
[03/Sep/2026 11:10:21] "GET /api/products/ HTTP/1.1" 200 141837
Bad Request: /api/products/41/
[03/Sep/2026 11:11:18] "PUT /api/products/41/ HTTP/1.1" 400 62
[03/Sep/2026 11:11:18] "GET /api/products/ HTTP/1.1" 200 141837
Bad Request: /api/products/41/
[03/Sep/2026 11:11:25] "PUT /api/products/41/ HTTP/1.1" 400 88
Bad Request: /api/products/41/
[03/Sep/2026 11:11:26] "PUT /api/products/41/ HTTP/1.1" 400 88
Bad Request: /api/products/41/
[03/Sep/2026 11:11:30] "PUT /api/products/41/ HTTP/1.1" 400 88
[03/Sep/2026 11:11:33] "GET /api/products/ HTTP/1.1" 200 141837
[03/Sep/2026 11:11:34] "GET /api/products/ HTTP/1.1" 200 141837
[03/Sep/2026 11:12:27] "GET /api/babies/ HTTP/1.1" 200 40
[03/Sep/2026 11:12:27] "GET /api/users/ai-config/ HTTP/1.1" 200 127
[03/Sep/2026 11:12:27] "GET /api/admin/registration/ HTTP/1.1" 200 584
[03/Sep/2026 11:12:27] "GET /api/users/ai-auth/ HTTP/1.1" 200 505
[03/Sep/2026 11:12:42] "POST /api/admin/registration/ HTTP/1.1" 200 87
[03/Sep/2026 11:12:44] "POST /api/admin/registration/ HTTP/1.1" 200 76
[03/Sep/2026 11:12:47] "POST /api/admin/registration/ HTTP/1.1" 200 87
[03/Sep/2026 11:12:51] "POST /api/admin/registration/ HTTP/1.1" 200 194
[03/Sep/2026 11:12:51] "GET /api/admin/registration/ HTTP/1.1" 200 828
[03/Sep/2026 11:12:54] "POST /api/admin/registration/ HTTP/1.1" 200 76
[03/Sep/2026 11:13:28] "GET /api/auth/registration-mode/ HTTP/1.1" 200 53
[03/Sep/2026 11:13:45] "POST /api/auth/register/ HTTP/1.1" 200 870
[03/Sep/2026 11:13:55] "POST /api/auth/login/ HTTP/1.1" 200 870
[03/Sep/2026 11:13:55] "GET /api/users/me/ HTTP/1.1" 200 500
[03/Sep/2026 11:13:55] "GET /api/timeline/?essential=true HTTP/1.1" 200 31020
[03/Sep/2026 11:13:55] "GET /api/products/?sort=rating HTTP/1.1" 200 141837
[03/Sep/2026 11:14:01] "GET /api/ai/suggestions/ HTTP/1.1" 200 169
[03/Sep/2026 11:14:01] "GET /api/ai/history/ HTTP/1.1" 200 40
[03/Sep/2026 11:14:02] "GET /api/babies/ HTTP/1.1" 200 40
[03/Sep/2026 11:14:02] "GET /api/users/ai-config/ HTTP/1.1" 200 127
[03/Sep/2026 11:14:02] "GET /api/admin/registration/ HTTP/1.1" 200 817
[03/Sep/2026 11:14:02] "GET /api/users/ai-auth/ HTTP/1.1" 200 595
[03/Sep/2026 11:14:11] "POST /api/admin/registration/ HTTP/1.1" 200 87
[03/Sep/2026 11:14:12] "POST /api/admin/registration/ HTTP/1.1" 200 76
[03/Sep/2026 11:16:31] "GET /api/products/ HTTP/1.1" 200 141837
[03/Sep/2026 11:16:34] "GET /api/products/?category=health_tool HTTP/1.1" 200 4967
[03/Sep/2026 11:16:35] "GET /api/products/?category=bath HTTP/1.1" 200 14675
[03/Sep/2026 11:16:37] "GET /api/babies/ HTTP/1.1" 200 40
[03/Sep/2026 11:16:37] "GET /api/users/ai-config/ HTTP/1.1" 200 127
[03/Sep/2026 11:16:37] "GET /api/admin/registration/ HTTP/1.1" 200 817
[03/Sep/2026 11:16:37] "GET /api/users/ai-auth/ HTTP/1.1" 200 595
[03/Sep/2026 11:16:40] "GET /api/admin/users/ HTTP/1.1" 200 1198
C:\Users\cheng\.local\share\TeleAgent\TeleAgent的工作空间\mengya\backend\apps\core\models\user.py changed, reloading.
Watching for file changes with StatReloader
C:\Users\cheng\.local\share\TeleAgent\TeleAgent的工作空间\mengya\backend\apps\core\views.py changed, reloading.
Watching for file changes with StatReloader
C:\Users\cheng\.local\share\TeleAgent\TeleAgent的工作空间\mengya\backend\apps\core\views.py changed, reloading.
Watching for file changes with StatReloader
C:\Users\cheng\.local\share\TeleAgent\TeleAgent的工作空间\mengya\backend\apps\core\urls.py changed, reloading.
Watching for file changes with StatReloader
